// Jest Snapshot v1, https://goo.gl/fbAQLP

exports[`Catalogue List section renders correctly 1`] = `
<section
  className="sc-bxivhb fPyRTT"
/>
`;
